\BOOKMARK [0][-]{chapter*.2}{\376\377\000W\000s\000t\001\031\000p}{}% 1
\BOOKMARK [0][-]{chapter.1}{\376\377\000C\000e\000l\000\040\000i\000\040\000z\000a\000k\000r\000e\000s\000\040\000p\000r\000a\000c\000y}{}% 2
\BOOKMARK [1][-]{section.1.1}{\376\377\000C\000e\000l\000\040\000p\000r\000o\000j\000e\000k\000t\000u}{chapter.1}% 3
\BOOKMARK [1][-]{section.1.2}{\376\377\000C\000e\000l\000e\000\040\000s\000z\000c\000z\000e\000g\000\363\001\102\000o\000w\000e}{chapter.1}% 4
\BOOKMARK [1][-]{section.1.3}{\376\377\000Z\000a\000k\000r\000e\000s\000\040\000p\000r\000a\000c\000y}{chapter.1}% 5
\BOOKMARK [0][-]{chapter.2}{\376\377\000A\000n\000a\000l\000i\000z\000a\000\040\000w\000y\000m\000a\000g\000a\001\104\000\040\000i\000\040\000p\000r\000o\000j\000e\000k\000t\000\040\000r\000o\000z\000w\000i\001\005\000z\000a\000n\000i\000a}{}% 6
\BOOKMARK [1][-]{section.2.1}{\376\377\000W\000y\000m\000a\000g\000a\000n\000i\000a\000\040\000f\000u\000n\000k\000c\000j\000o\000n\000a\000l\000n\000e}{chapter.2}% 7
\BOOKMARK [1][-]{section.2.2}{\376\377\000W\000y\000m\000a\000g\000a\000n\000i\000a\000\040\000n\000i\000e\000f\000u\000n\000k\000c\000j\000o\000n\000a\000l\000n\000e}{chapter.2}% 8
\BOOKMARK [1][-]{section.2.3}{\376\377\000W\000y\000m\000a\000g\000a\000n\000i\000a\000\040\000j\000a\000k\000o\001\133\000c\000i\000o\000w\000e}{chapter.2}% 9
\BOOKMARK [1][-]{section.2.4}{\376\377\000A\000r\000c\000h\000i\000t\000e\000k\000t\000u\000r\000a\000\040\000r\000o\000z\000w\000i\001\005\000z\000a\000n\000i\000a}{chapter.2}% 10
\BOOKMARK [1][-]{section.2.5}{\376\377\000S\000t\000o\000s\000\040\000t\000e\000c\000h\000n\000o\000l\000o\000g\000i\000c\000z\000n\000y}{chapter.2}% 11
\BOOKMARK [1][-]{section.2.6}{\376\377\000W\000y\000k\000o\000r\000z\000y\000s\000t\000a\000n\000y\000\040\000s\000p\000r\000z\001\031\000t}{chapter.2}% 12
\BOOKMARK [0][-]{chapter.3}{\376\377\000O\000p\000i\000s\000\040\000d\000z\000i\000a\001\102\000a\000n\000i\000a\000\040\000a\000p\000l\000i\000k\000a\000c\000j\000i}{}% 13
\BOOKMARK [1][-]{section.3.1}{\376\377\001\132\000r\000o\000d\000o\000w\000i\000s\000k\000o\000\040\000i\000\040\000s\000t\000r\000u\000k\000t\000u\000r\000a\000\040\000p\000r\000o\000j\000e\000k\000t\000u}{chapter.3}% 14
\BOOKMARK [1][-]{section.3.2}{\376\377\000P\000r\000z\000e\000p\001\102\000y\000w\000\040\000d\000a\000n\000y\000c\000h\000\040\000o\000r\000a\000z\000\040\000i\000n\000t\000e\000g\000r\000a\000c\000j\000a}{chapter.3}% 15
\BOOKMARK [1][-]{section.3.3}{\376\377\000I\000n\000t\000e\000r\000f\000e\000j\000s\000\040\000u\001\174\000y\000t\000k\000o\000w\000n\000i\000k\000a}{chapter.3}% 16
\BOOKMARK [1][-]{section.3.4}{\376\377\000F\000r\000a\000g\000m\000e\000n\000t\000y\000\040\000k\000o\000d\000u\000\040\001\172\000r\000\363\000d\001\102\000o\000w\000e\000g\000o}{chapter.3}% 17
\BOOKMARK [0][-]{chapter.4}{\376\377\000I\000n\000s\000t\000r\000u\000k\000c\000j\000a\000\040\000i\000n\000s\000t\000a\000l\000a\000c\000j\000i\000\040\000i\000\040\000u\001\174\000y\000t\000k\000o\000w\000a\000n\000i\000a}{}% 18
\BOOKMARK [1][-]{section.4.1}{\376\377\000W\000y\000m\000a\000g\000a\000n\000i\000a\000\040\000s\000p\000r\000z\001\031\000t\000o\000w\000e\000\040\000i\000\040\000p\000r\000o\000g\000r\000a\000m\000o\000w\000e}{chapter.4}% 19
\BOOKMARK [1][-]{section.4.2}{\376\377\000I\000n\000s\000t\000r\000u\000k\000c\000j\000a\000\040\000i\000n\000s\000t\000a\000l\000a\000c\000j\000i}{chapter.4}% 20
\BOOKMARK [1][-]{section.4.3}{\376\377\000I\000n\000s\000t\000r\000u\000k\000c\000j\000a\000\040\000u\001\174\000y\000t\000k\000o\000w\000a\000n\000i\000a}{chapter.4}% 21
\BOOKMARK [2][-]{subsection.4.3.1}{\376\377\000O\000b\000s\001\102\000u\000g\000a\000\040\000a\000p\000l\000i\000k\000a\000c\000j\000i\000\040\000m\000o\000b\000i\000l\000n\000e\000j}{section.4.3}% 22
\BOOKMARK [2][-]{subsection.4.3.2}{\376\377\000O\000b\000s\001\102\000u\000g\000a\000\040\000i\000n\000t\000e\000r\000f\000e\000j\000s\000u\000\040\000w\000e\000b\000o\000w\000e\000g\000o}{section.4.3}% 23
\BOOKMARK [2][-]{subsection.4.3.3}{\376\377\000K\000o\000n\000t\000r\000o\000l\000a\000\040\000s\000t\000a\000n\000u\000\040\000p\000o\001\102\001\005\000c\000z\000e\000n\000i\000a}{section.4.3}% 24
\BOOKMARK [0][-]{chapter.5}{\376\377\000T\000e\000s\000t\000y\000\040\000i\000\040\000w\000e\000r\000y\000f\000i\000k\000a\000c\000j\000a}{}% 25
\BOOKMARK [1][-]{section.5.1}{\376\377\000T\000e\000s\000t\000y\000\040\000f\000u\000n\000k\000c\000j\000o\000n\000a\000l\000n\000e}{chapter.5}% 26
\BOOKMARK [1][-]{section.5.2}{\376\377\000T\000e\000s\000t\000y\000\040\000n\000i\000e\000f\000u\000n\000k\000c\000j\000o\000n\000a\000l\000n\000e}{chapter.5}% 27
\BOOKMARK [1][-]{section.5.3}{\376\377\000W\000y\000n\000i\000k\000i\000\040\000t\000e\000s\000t\000\363\000w}{chapter.5}% 28
\BOOKMARK [0][-]{chapter*.9}{\376\377\000P\000o\000d\000s\000u\000m\000o\000w\000a\000n\000i\000e}{}% 29
\BOOKMARK [0][-]{chapter*.12}{\376\377\000N\000e\000t\000o\000g\000r\000a\000f\000i\000a}{}% 30
\BOOKMARK [0][-]{section*.13}{\376\377\000S\000p\000i\000s\000\040\000r\000y\000s\000u\000n\000k\000\363\000w}{}% 31
\BOOKMARK [0][-]{section*.14}{\376\377\000S\000p\000i\000s\000\040\000t\000a\000b\000e\000l}{}% 32
\BOOKMARK [0][-]{chapter*.15}{\376\377\000S\000p\000i\000s\000\040\000l\000i\000s\000t\000i\000n\000g\000\363\000w}{}% 33
